// Jest Snapshot v1, https://goo.gl/fbAQLP

exports[`<Button /> with no props should match the snapshot 1`] = `
<button
  className="button"
  onClick={[Function]}
>
  Add
</button>
`;
